
> zerohook-client@1.0.0 build
> react-scripts build

Creating an optimized production build...
Browserslist: browsers data (caniuse-lite) is 7 months old. Please run:
  npx update-browserslist-db@latest
  Why you should do it regularly: https://github.com/browserslist/update-db#readme
Browserslist: browsers data (caniuse-lite) is 7 months old. Please run:
  npx update-browserslist-db@latest
  Why you should do it regularly: https://github.com/browserslist/update-db#readme

Treating warnings as errors because process.env.CI = true.
Most CI servers set it automatically.

Failed to compile.

[eslint] 
src\App.js
  Line 12:23:   'Box' is defined but never used                        no-unused-vars
  Line 22:8:    'Footer' is defined but never used                     no-unused-vars
  Line 81:23:   'reportWarning' is defined but never used              no-unused-vars
  Line 214:5:   'showFooter' is assigned a value but never used        no-unused-vars
  Line 217:5:   'fullHeightLayout' is assigned a value but never used  no-unused-vars
  Line 218:18:  'chatRoute' is assigned a value but never used         no-unused-vars

src\components\CallSystem.js
  Line 373:6:  React Hook useEffect has missing dependencies: 'createAndSendOffer', 'endCall', and 'handleWebRTCOffer'. Either include them or remove the dependency array  react-hooks/exhaustive-deps
  Line 455:6:  React Hook useCallback has a missing dependency: 'establishConnection'. Either include it or remove the dependency array                                     react-hooks/exhaustive-deps

src\components\ChatSystem.js
  Line 49:14:  'ArchiveIcon' is defined but never used                                                                                                                       no-unused-vars
  Line 300:6:  React Hook useEffect has a missing dependency: 'loadConversations'. Either include it or remove the dependency array                                          react-hooks/exhaustive-deps
  Line 316:6:  React Hook useEffect has a missing dependency: 'loadMessages'. Either include it or remove the dependency array                                               react-hooks/exhaustive-deps
  Line 465:6:  React Hook useEffect has a missing dependency: 'loadConversations'. Either include it or remove the dependency array                                          react-hooks/exhaustive-deps
  Line 492:6:  React Hook useEffect has missing dependencies: 'selectConversation' and 'startConversationWithRecipient'. Either include them or remove the dependency array  react-hooks/exhaustive-deps

src\components\ContentCreator.js
  Line 24:3:   'Avatar' is defined but never used         no-unused-vars
  Line 32:3:   'Category' is defined but never used       no-unused-vars
  Line 33:3:   'Check' is defined but never used          no-unused-vars
  Line 59:11:  'user' is assigned a value but never used  no-unused-vars

src\components\LocationChangeDetector.js
  Line 18:3:   'CircularProgress' is defined but never used                                                                                                                                                                                                              no-unused-vars
  Line 35:9:   'dispatch' is assigned a value but never used                                                                                                                                                                                                             no-unused-vars
  Line 38:9:   'detectedCountry' is assigned a value but never used                                                                                                                                                                                                      no-unused-vars
  Line 42:10:  'loading' is assigned a value but never used                                                                                                                                                                                                              no-unused-vars
  Line 44:10:  'lastChecked' is assigned a value but never used                                                                                                                                                                                                          no-unused-vars
  Line 151:6:  React Hook useCallback has an unnecessary dependency: 'calculateDistance'. Either exclude it or remove the dependency array. Outer scope values like 'calculateDistance' aren't valid dependencies because mutating them doesn't re-render the component  react-hooks/exhaustive-deps

src\components\MilestoneRequest.js
  Line 1:27:  'useEffect' is defined but never used  no-unused-vars

src\components\PaymentSheet.js
  Line 1:36:  'useCallback' is defined but never used  no-unused-vars

src\components\ProfileCompletionReminder.js
  Line 44:9:  'dispatch' is assigned a value but never used  no-unused-vars

src\components\TikTokProfileFeed.js
  Line 27:3:     'Divider' is defined but never used                                                                                     no-unused-vars
  Line 28:3:     'Alert' is defined but never used                                                                                       no-unused-vars
  Line 29:3:     'Snackbar' is defined but never used                                                                                    no-unused-vars
  Line 45:3:     'AccessTime' is defined but never used                                                                                  no-unused-vars
  Line 46:3:     'MyLocation' is defined but never used                                                                                  no-unused-vars
  Line 56:10:    'VerificationBadge' is defined but never used                                                                           no-unused-vars
  Line 168:10:   'viewMode' is assigned a value but never used                                                                           no-unused-vars
  Line 168:20:   'setViewMode' is assigned a value but never used                                                                        no-unused-vars
  Line 170:9:    'searchTimeoutRef' is assigned a value but never used                                                                   no-unused-vars
  Line 253:6:    React Hook useEffect has a missing dependency: 'trendingSuggestions'. Either include it or remove the dependency array  react-hooks/exhaustive-deps
  Line 764:5:    'trackScrollDepth' is assigned a value but never used                                                                   no-unused-vars
  Line 765:5:    'trackBioExpand' is assigned a value but never used                                                                     no-unused-vars
  Line 797:9:    'isOnline' is assigned a value but never used                                                                           no-unused-vars
  Line 1056:9:   'dispatch' is assigned a value but never used                                                                           no-unused-vars
  Line 1066:10:  'error' is assigned a value but never used                                                                              no-unused-vars
  Line 1075:10:  'locationError' is assigned a value but never used                                                                      no-unused-vars
  Line 1075:25:  'setLocationError' is assigned a value but never used                                                                   no-unused-vars
  Line 1079:9:   'currentProfileIdRef' is assigned a value but never used                                                                no-unused-vars

src\components\TikTokServiceFeed.js
  Line 21:3:    'Dialog' is defined but never used                   no-unused-vars
  Line 22:3:    'Slide' is defined but never used                    no-unused-vars
  Line 31:3:    'Close' is defined but never used                    no-unused-vars
  Line 33:3:    'Pause' is defined but never used                    no-unused-vars
  Line 38:3:    'Circle' is defined but never used                   no-unused-vars
  Line 586:10:  'showCategories' is assigned a value but never used  no-unused-vars

src\components\layout\MainLayout.js
  Line 93:9:  'isMobile' is assigned a value but never used  no-unused-vars

src\components\layout\MobileBottomNav.js
  Line 9:27:  'Badge' is defined but never used  no-unused-vars

src\components\layout\MobileHeader.js
  Line 24:3:   'Close' is defined but never used              no-unused-vars
  Line 178:9:  'location' is assigned a value but never used  no-unused-vars

src\components\payments\CryptoPayment.js
  Line 177:100:  'rateSource' is assigned a value but never used  no-unused-vars

src\components\ui\GlassAvatar.js
  Line 2:35:  'Badge' is defined but never used  no-unused-vars

src\components\ui\ProfileCard.js
  Line 2:27:  'Avatar' is defined but never used            no-unused-vars
  Line 18:7:  'shimmer' is assigned a value but never used  no-unused-vars

src\components\ui\StatusBadge.js
  Line 449:9:  'responseTime' is assigned a value but never used               no-unused-vars
  Line 645:1:  Assign object to a variable before exporting as module default  import/no-anonymous-default-export

src\components\ui\Toast.js
  Line 2:39:  'Slide' is defined but never used  no-unused-vars

src\components\video\VideoSystem.js
  Line 13:3:  'Close' is defined but never used  no-unused-vars

src\contexts\SocketContext.js
  Line 207:6:  React Hook useEffect has missing dependencies: 'dispatch' and 'socket'. Either include them or remove the dependency array  react-hooks/exhaustive-deps

src\pages\AdultServiceCreate.js
  Line 760:27:  Redundant alt attribute. Screen-readers already announce `img` tags as an image. You donÔÇÖt need to use the words `image`, `photo,` or `picture` (or any specified custom words) in the alt prop  jsx-a11y/img-redundant-alt

src\pages\AdultServiceDetail.js
  Line 42:3:  'Phone' is defined but never used     no-unused-vars
  Line 44:3:  'WhatsApp' is defined but never used  no-unused-vars

src\pages\BookingsPage.js
  Line 5:3:    'CircularProgress' is defined but never used  no-unused-vars
  Line 33:19:  'symbol' is assigned a value but never used   no-unused-vars

src\pages\DashboardPage.js
  Line 29:19:  'symbol' is assigned a value but never used  no-unused-vars

src\pages\HelpSupportPage.js
  Line 10:3:   'Card' is defined but never used               no-unused-vars
  Line 11:3:   'CardContent' is defined but never used        no-unused-vars
  Line 12:3:   'Grid' is defined but never used               no-unused-vars
  Line 24:12:  'PhoneIcon' is defined but never used          no-unused-vars
  Line 37:9:   'navigate' is assigned a value but never used  no-unused-vars

src\pages\HomePageNew.js
  Line 17:10:  'Link' is defined but never used                      no-unused-vars
  Line 29:7:   'glow' is assigned a value but never used             no-unused-vars
  Line 172:9:  'staggerChildren' is assigned a value but never used  no-unused-vars

src\pages\InfoPages.js
  Line 8:51:   'Divider' is defined but never used                             no-unused-vars
  Line 22:3:   'Phone' is defined but never used                               no-unused-vars
  Line 281:1:  Assign object to a variable before exporting as module default  import/no-anonymous-default-export

src\pages\LoginPage.js
  Line 9:3:    'Alert' is defined but never used   no-unused-vars
  Line 12:16:  'Person' is defined but never used  no-unused-vars

src\pages\MyMoneyPage.js
  Line 16:3:    'MenuItem' is defined but never used                  no-unused-vars
  Line 21:3:    'LinearProgress' is defined but never used            no-unused-vars
  Line 22:3:    'Tooltip' is defined but never used                   no-unused-vars
  Line 41:14:   'ReceiptIcon' is defined but never used               no-unused-vars
  Line 71:19:   'format' is assigned a value but never used           no-unused-vars
  Line 96:24:   'setCryptoSymbol' is assigned a value but never used  no-unused-vars
  Line 112:10:  'successMessage' is assigned a value but never used   no-unused-vars
  Line 113:10:  'errorMessage' is assigned a value but never used     no-unused-vars
  Line 193:13:  'paymentStatus' is assigned a value but never used    no-unused-vars
  Line 258:9:   'handleRelease' is assigned a value but never used    no-unused-vars
  Line 295:9:   'handleDispute' is assigned a value but never used    no-unused-vars

src\pages\NotificationsPage.js
  Line 229:9:  'user' is assigned a value but never used  no-unused-vars

src\pages\PrivacySettingsNew.js
  Line 33:3:   'ChevronRight' is defined but never used    no-unused-vars
  Line 52:26:  'getAccountType' is defined but never used  no-unused-vars

src\pages\ProfileDetailPage.js
  Line 39:24:  'getUploadUrl' is defined but never used                                                                                                                                                                                                        no-unused-vars
  Line 63:11:  'isConnected' is assigned a value but never used                                                                                                                                                                                                no-unused-vars
  Line 84:6:   React Hook useCallback has an unnecessary dependency: 'API_BASE_URL'. Either exclude it or remove the dependency array. Outer scope values like 'API_BASE_URL' aren't valid dependencies because mutating them doesn't re-render the component  react-hooks/exhaustive-deps
  Line 126:6:  React Hook useCallback has an unnecessary dependency: 'API_BASE_URL'. Either exclude it or remove the dependency array. Outer scope values like 'API_BASE_URL' aren't valid dependencies because mutating them doesn't re-render the component  react-hooks/exhaustive-deps
  Line 153:9:  'handleContactRequest' is assigned a value but never used                                                                                                                                                                                       no-unused-vars

src\pages\ProfileFeed.js
  Line 4:3:      'Container' is defined but never used                                                                                   no-unused-vars
  Line 47:3:     'Person' is defined but never used                                                                                      no-unused-vars
  Line 48:3:     'Login' is defined but never used                                                                                       no-unused-vars
  Line 49:11:    'MenuIcon' is defined but never used                                                                                    no-unused-vars
  Line 55:10:    'isProvider' is defined but never used                                                                                  no-unused-vars
  Line 55:22:    'ACCOUNT_TYPES' is defined but never used                                                                               no-unused-vars
  Line 57:24:    'getUploadUrl' is defined but never used                                                                                no-unused-vars
  Line 60:10:    'VERIFICATION_TIERS' is defined but never used                                                                          no-unused-vars
  Line 60:30:    'getVerificationTierConfig' is defined but never used                                                                   no-unused-vars
  Line 528:5:    'trackScrollDepth' is assigned a value but never used                                                                   no-unused-vars
  Line 1059:7:   'SubscriptionPaywall' is assigned a value but never used                                                                no-unused-vars
  Line 1184:24:  'setSearchParams' is assigned a value but never used                                                                    no-unused-vars
  Line 1190:9:   'exchangeRates' is assigned a value but never used                                                                      no-unused-vars
  Line 1193:35:  'currencySymbol' is assigned a value but never used                                                                     no-unused-vars
  Line 1193:64:  'detectedCurrencyCountry' is assigned a value but never used                                                            no-unused-vars
  Line 1653:6:   React Hook useCallback has an unnecessary dependency: 'isSubscribed'. Either exclude it or remove the dependency array  react-hooks/exhaustive-deps
  Line 1684:6:   React Hook useEffect has a missing dependency: 'searchQuery'. Either include it or remove the dependency array          react-hooks/exhaustive-deps

src\pages\ProfilePage.js
  Line 69:10:  'locationLookupLoading' is assigned a value but never used  no-unused-vars
  Line 70:10:  'locationSuggestion' is assigned a value but never used     no-unused-vars

src\pages\SubscriptionPage.js
  Line 1:38:  'useCallback' is defined but never used    no-unused-vars
  Line 16:3:  'Divider' is defined but never used        no-unused-vars
  Line 21:3:  'Dialog' is defined but never used         no-unused-vars
  Line 22:3:  'DialogTitle' is defined but never used    no-unused-vars
  Line 23:3:  'DialogContent' is defined but never used  no-unused-vars
  Line 24:3:  'DialogActions' is defined but never used  no-unused-vars
  Line 28:3:  'IconButton' is defined but never used     no-unused-vars
  Line 32:3:  'Star' is defined but never used           no-unused-vars
  Line 33:3:  'Payment' is defined but never used        no-unused-vars
  Line 34:3:  'OpenInNew' is defined but never used      no-unused-vars
  Line 45:3:  'Close' is defined but never used          no-unused-vars

src\pages\SugarProfilesPage.js
  Line 155:9:  'verifyPayment' is assigned a value but never used  no-unused-vars

src\pages\VerificationPage.js
  Line 4:3:    'Container' is defined but never used        no-unused-vars
  Line 14:3:   'Alert' is defined but never used            no-unused-vars
  Line 20:3:   'Phone' is defined but never used            no-unused-vars
  Line 23:3:   'AccountCircle' is defined but never used    no-unused-vars
  Line 32:3:   'Close' is defined but never used            no-unused-vars
  Line 35:18:  'AnimatePresence' is defined but never used  no-unused-vars


